[0;36m[23:22:35][0m Copying iot-node sources → /Users/vivek/contiki-ng/examples/iot-node/
[0;32m[23:22:35] ✅ Sources copied[0m
[0;36m[23:22:35][0m Checking Docker is running…
[0;32m[23:22:35] ✅ Docker is running[0m
[0;36m[23:22:35][0m Building iot-node.cooja inside Docker container (this may take 1-2 min)…
[0;36m[23:37:36][0m Copying iot-node sources → /Users/vivek/contiki-ng/examples/iot-node/
[0;32m[23:37:36] ✅ Sources copied[0m
[0;36m[23:37:36][0m Cleaning existing build directories to avoid ELF/Mach-O conflicts…
[0;36m[23:37:37][0m Building iot-node.cooja natively on macOS…
[0;32m[23:37:40] ✅ Firmware compiled natively: /Users/vivek/contiki-ng/examples/iot-node/build/cooja/iot-node.cooja[0m
[0;36m[23:37:41][0m Cooja is not running
[0;36m[23:37:41][0m Stopping Akka (pid 7995)…
[0;32m[23:37:42] ✅ Akka stopped[0m
[0;36m[23:37:42][0m Stopping Node-RED (pid 7238)…
[0;32m[23:37:43] ✅ Node-RED stopped[0m
[0;36m[23:37:43][0m tunslip6 is not running
[0;32m[23:37:43] ✅ All services stopped[0m
[0;36m[23:37:45][0m Starting Node-RED → log: /Users/vivek/Documents/GitHub/MUTI/digitalTwin/logs/nodered.log
[0;32m[23:37:45] ✅ Node-RED started (pid 9903)[0m
[0;36m[23:37:45][0m Waiting for Node-RED to open port 1880 (timeout 45s)…
[0;32m[23:37:49] ✅ Node-RED is up on port 1880[0m
[0;36m[23:37:49][0m Importing nodered.json flow…
[0;32m[23:37:52] ✅ Flow imported and deployed (HTTP 204)[0m
[0;36m[23:37:52][0m Building + starting Akka → log: /Users/vivek/Documents/GitHub/MUTI/digitalTwin/logs/akka.log
[0;32m[23:37:52] ✅ Akka started (pid 9952)[0m
[1;33m[23:38:05] ⚠️  Node-RED is already running (pid 9903)[0m
[1;33m[23:38:05] ⚠️  Akka is already running (pid 9952)[0m
[0;36m[23:38:05][0m Enabling X11 connections (xhost +localhost)…
[0;36m[23:38:05][0m Launching Cooja with simulation_mac.csc → log: /Users/vivek/Documents/GitHub/MUTI/digitalTwin/logs/cooja.log
[0;32m[23:38:05] ✅ Cooja launched (pid 10027) — GUI may take 15-30s to appear[0m
[0;36m[23:38:05][0m   Simulation file: /Users/vivek/Documents/GitHub/MUTI/digitalTwin/contiki/simulation_mac.csc
[0;36m[23:38:05][0m   If GUI opens but simulation isn't running, press ▶ Start in Cooja
[0;36m[23:38:05][0m Starting tunslip6 (requires sudo) → log: /Users/vivek/Documents/GitHub/MUTI/digitalTwin/logs/tunslip.log
[1;33m[23:38:05] ⚠️  You may be prompted for your macOS password (sudo)[0m
[0;32m[23:38:05] ✅ tunslip6 started (pid 10059)[0m
[0;36m[23:38:35][0m Cooja is not running
[0;36m[23:38:35][0m Stopping Akka (pid 9952)…
[0;32m[23:38:36] ✅ Akka stopped[0m
[0;36m[23:38:36][0m Stopping Node-RED (pid 9903)…
[0;32m[23:38:37] ✅ Node-RED stopped[0m
[0;36m[23:38:37][0m tunslip6 is not running
[0;32m[23:38:37] ✅ All services stopped[0m
[0;36m[23:38:37][0m Starting Node-RED → log: /Users/vivek/Documents/GitHub/MUTI/digitalTwin/logs/nodered.log
[0;32m[23:38:37] ✅ Node-RED started (pid 10192)[0m
[0;36m[23:38:37][0m Waiting for Node-RED to open port 1880 (timeout 45s)…
[0;32m[23:38:41] ✅ Node-RED is up on port 1880[0m
[0;36m[23:38:41][0m Importing nodered.json flow…
[0;32m[23:38:43] ✅ Flow imported and deployed (HTTP 204)[0m
[0;36m[23:38:43][0m Building + starting Akka → log: /Users/vivek/Documents/GitHub/MUTI/digitalTwin/logs/akka.log
[0;32m[23:38:43] ✅ Akka started (pid 10244)[0m
[0;36m[23:38:43][0m Waiting for Akka HTTP server on port 8080...
[0;36m[23:38:54][0m   ...still waiting (10/45s)
[0;36m[23:39:04][0m   ...still waiting (20/45s)
[0;36m[23:39:18][0m   ...still waiting (30/45s)
[0;36m[23:39:29][0m   ...still waiting (40/45s)
[0;31m[23:39:34] ❌ Akka did not respond within 45s[0m
[1;33m[23:39:45] ⚠️  Node-RED is already running (pid 10192)[0m
[1;33m[23:39:45] ⚠️  Akka is already running (pid 10244)[0m
[0;36m[23:39:45][0m Enabling X11 connections (xhost +localhost)…
[0;36m[23:39:45][0m Launching Cooja with simulation_mac.csc → log: /Users/vivek/Documents/GitHub/MUTI/digitalTwin/logs/cooja.log
[0;32m[23:39:45] ✅ Cooja launched (pid 10539) — GUI may take 15-30s to appear[0m
[0;36m[23:39:45][0m   Simulation file: /Users/vivek/Documents/GitHub/MUTI/digitalTwin/contiki/simulation_mac.csc
[0;36m[23:39:45][0m   If GUI opens but simulation isn't running, press ▶ Start in Cooja
[0;36m[23:39:45][0m Starting tunslip6 (requires sudo) → log: /Users/vivek/Documents/GitHub/MUTI/digitalTwin/logs/tunslip.log
[1;33m[23:39:45] ⚠️  You may be prompted for your macOS password (sudo)[0m
[0;32m[23:39:45] ✅ tunslip6 started (pid 10571)[0m
[0;36m[23:40:05][0m [1/6] Node-RED HTTP reachable (port 1880)…
[0;32m[23:40:05] ✅ PASS — Node-RED is reachable[0m
[0;36m[23:40:12][0m [1/6] Node-RED HTTP reachable (port 1880)…
[0;32m[23:40:12] ✅ PASS — Node-RED is reachable[0m
[0;36m[23:40:27][0m [1/6] Node-RED HTTP reachable (port 1880)…
[0;32m[23:40:27] ✅ PASS — Node-RED is reachable[0m
[0;36m[23:40:27][0m [2/6] Checking Node-RED flow has UDP-in node on port 5000…
[0;32m[23:40:27] ✅ PASS — UDP-in node deployed on port 5000[0m
[0;36m[23:40:27][0m [3/6] Akka HTTP reachable (port 8080)…
[0;32m[23:40:27] ✅ PASS — Akka is reachable (HTTP 404)[0m
[0;36m[23:40:27][0m [4/6] Sending a test TRAFFIC UDP packet to port 5000…
[0;32m[23:40:28] ✅ PASS — UDP TRAFFIC packet sent to Node-RED port 5000[0m
[0;36m[23:40:28][0m [5/6] Testing SET_PERIOD via POST /set-params…
[0;32m[23:40:28] ✅ PASS — SET_PERIOD command accepted (HTTP 200)[0m
[0;36m[23:40:28][0m [6/6] Testing Akka /traffic endpoint directly…
[0;32m[23:40:28] ✅ PASS — Akka /traffic accepted (HTTP 200)[0m
[0;32m[23:40:28] ✅ All 6 tests passed 🎉 — full flow is operational![0m
